---
source: src/parse/mod.rs
expression: res
---

# heading
*fake heading
- bullet point 1
- bullet point 2
- bullet point 3
	- sub bullet point 1
		- sub sub bullet point 1
		- sub sub bullet point 2
			- sub sub bullet point 2
-fake bullet point

## to do 
nothing
