---
source: src/parse/parse_headings.rs
expression: res
---

# heading
- bullet point 1
- bullet point 2
- bullet point 3
## to do 
nothing
